
> client@0.1.0 build
> react-scripts build

Creating an optimized production build...
Failed to compile.

[eslint] 
src\components\Transactions.js
Syntax error: Only one default export allowed per module. (122:0) (122:undefined)


