
> client@0.1.0 test
> react-scripts test --watchAll=false

node.exe : FAIL 
src/App.test.js
At line:1 char:1
+ & "C:\Program Files\
nodejs/node.exe" 
"C:\Program 
Files\nodejs/node_mo 
...
+ ~~~~~~~~~~~~~~~~~~~~
~~~~~~~~~~~~~~~~~~~~~~
~~~~~~~~~~~~~~~~~~~~~~
~~~~~
    + CategoryInfo    
          : 
NotSpecified: (F    
AIL src/App.test.js:S 
   tring) [], 
RemoteExce    ption
    + 
FullyQualifiedError   
 Id : 
NativeCommandErr    or
 
  ÔùÅ Test suite 
failed to run

    Cannot find 
module '@testing-libra
ry/jest-dom' from 
'src/setupTests.js'

    [0m [90m 3 
|[39m [90m// expect(
element).toHaveTextCon
tent(/react/i)[39m
     [90m 4 |[39m 
[90m// learn more: ht
tps://github.com/testi
ng-library/jest-dom[3
9m
    [31m[1m>[22m[3
9m[90m 5 |[39m 
[36mimport[39m [32m
'@testing-library/jest
-dom'[39m[33m;[39m
     [90m   |[39m 
[31m[1m^[22m[39m
     [90m 6 
|[39m[0m

      at Resolver.reso
lveModule (node_module
s/jest-resolve/build/r
esolver.js:324:11)
      at 
Object.<anonymous> (sr
c/setupTests.js:5:1)
      at TestScheduler
.scheduleTests (node_m
odules/@jest/core/buil
d/TestScheduler.js:333
:13)
      at runJest (node
_modules/@jest/core/bu
ild/runJest.js:404:19)
      at _run10000 (no
de_modules/@jest/core/
build/cli/index.js:320
:7)
      at runCLI (node_
modules/@jest/core/bui
ld/cli/index.js:173:3)

Test Suites: 1 
failed, 1 total
Tests:       0 total
Snapshots:   0 total
Time:        0.725 s
Ran all test suites.
